{
  "authorDailyContributionsMap": {
    "-": []
  },
  "authorFinalContributionMap": {
    "-": 0
  },
  "authorFileTypeContributionMap": {
    "-": {}
  },
  "authorContributionVariance": {
    "-": 0.0
  },
  "authorDisplayNameMap": {
    "-": "FAILED TO CLONE OR CHECKOUT THIS REPOSITORY"
  }
}
